hash32.h:19:12:Hash32::Hash32(uint32_t)	16	static
hash32.h:26:8:bool Hash32::add(const void*, uint64_t)	88	static
hash32.h:74:12:uint32_t Hash32::hash() const	40	static
hash32.h:106:8:void Hash32::init()	16	static
hash32.h:142:26:static uint32_t Hash32::rotateLeft(uint32_t, unsigned char)	16	static
hash32.h:147:22:static void Hash32::process(const void*, uint32_t&, uint32_t&, uint32_t&, uint32_t&)	32	static
hash64.h:20:12:Hash64::Hash64(uint64_t)	24	static
hash64.h:27:8:bool Hash64::add(const void*, uint64_t)	104	static
hash64.h:74:12:uint64_t Hash64::hash() const	200	static
hash64.h:129:8:void Hash64::init()	40	static
hash64.h:154:26:static uint64_t Hash64::rotateLeft(uint64_t, unsigned char)	48	static
hash64.h:159:26:static uint64_t Hash64::processSingle(uint64_t, uint64_t)	32	static
hash64.h:164:22:static void Hash64::process(const void*, uint64_t&, uint64_t&, uint64_t&, uint64_t&)	32	static
hash.cpp:8:10:uint32_t hashcode32(void*, size_t)	16	static
hash.cpp:16:10:uint64_t hashcode64(void*, size_t)	16	static
hash.cpp:23:10:uint32_t hashtableId(uint32_t, size_t)	16	static
hash.cpp:26:1:void __static_initialization_and_destruction_0(int, int)	16	static
hash.cpp:26:1:cpp)	8	static
