ecliptar_sys_serial.h:25:2:SerialDevice::~SerialDevice()	0	static
ecliptar_sys_serial.cpp:105:9:virtual void SerialDevice::Receive(void*, size_t, uint16_t)	4	static
ecliptar_sys_serial.cpp:129:12:virtual uint32_t SerialDevice::DeviceAddress()	0	static
ecliptar_sys_serial.h:25:2:virtual SerialDevice::~SerialDevice()	8	static
ecliptar_sys_serial.cpp:45:9:void SerialDevice::Open()	24	static
ecliptar_sys_serial.cpp:56:9:void SerialDevice::Open(size_t, size_t)	24	static
ecliptar_sys_serial.cpp:68:9:void SerialDevice::Open(void*, size_t, void*, size_t)	32	static
ecliptar_sys_serial.cpp:82:11:uint8_t SerialDevice::Available()	0	static
ecliptar_sys_serial.cpp:87:9:void SerialDevice::Write(const void*, size_t)	16	static
ecliptar_sys_serial.cpp:109:9:virtual void SerialDevice::Transmit(void*, size_t, uint16_t)	24	static
ecliptar_sys_serial.cpp:92:11:uint8_t SerialDevice::Read()	0	static
ecliptar_sys_serial.cpp:96:11:uint8_t SerialDevice::ReadedByte()	0	static
ecliptar_sys_serial.cpp:100:11:size_t SerialDevice::Read(void*, size_t)	0	static
ecliptar_sys_serial.cpp:169:9:void SerialDevice::SetReceiptEvent(SerialEvent*)	0	static
ecliptar_sys_serial.cpp:173:9:void SerialDevice::SetTransmitEvent(SerialEvent*)	0	static
ecliptar_sys_serial.cpp:178:9:void SerialDevices::Add(SerialDevice*)	16	static
ecliptar_sys_serial.cpp:10:5:SerialDevice::SerialDevice(UART_HandleTypeDef*)	32	static
ecliptar_sys_serial.cpp:21:5:SerialDevice::SerialDevice(SPI_HandleTypeDef*)	24	static
ecliptar_sys_serial.cpp:32:5:SerialDevice::SerialDevice(I2C_HandleTypeDef*, uint8_t)	32	static
ecliptar_sys_serial.cpp:195:16:SerialDevice* SerialDevices::Get(uint32_t)	24	static
ecliptar_sys_serial.cpp:212:11:uint8_t SerialDevices::Remove(uint32_t)	24	static
ecliptar_sys_serial.cpp:249:1:cpp)	0	static
