ecliptar_drv.h:15:7:DriveSystem::~DriveSystem()	0	static
ecliptar_drv.cpp:190:13:virtual void DriveSystem::ConversionHalfComplete(AdcData*, size_t)	24	static
ecliptar_drv.cpp:185:13:virtual void DriveSystem::ConversionComplete(AdcData*, size_t)	24	static
ecliptar_drv.h:15:7:virtual DriveSystem::~DriveSystem()	8	static
ecliptar_drv.cpp:13:1:DriveSystem::DriveSystem()	16	static
ecliptar_drv.cpp:19:6:bool DriveSystem::Init(AdcData*)	24	static
ecliptar_drv.cpp:37:6:bool DriveSystem::Inited()	0	static
ecliptar_drv.cpp:42:6:bool DriveSystem::Available()	0	static
ecliptar_drv.cpp:51:6:void DriveSystem::PrintMotionReport()	80	static
ecliptar_drv.cpp:72:6:void DriveSystem::PrintMeasureReport()	56	static
ecliptar_drv.cpp:98:6:void DriveSystem::PrintDynamicsReport()	16	static
ecliptar_drv.cpp:122:6:void DriveSystem::PrintPositionReport()	16	static
ecliptar_drv.cpp:156:6:void DriveSystem::PrintInfoReport()	16	static
ecliptar_drv.cpp:196:18:cpp)	0	static
