gthr-default.h:229:1:int __gthread_key_delete(__gthread_key_t)	16	static
base.h:22:7:constexpr ControlHandler::ControlHandler()	16	static
ecliptor.cpp:10:1:EcliptorController::EcliptorController(EcliptorDriver*, int)	24	static
ecliptor.cpp:21:13:void EcliptorController::assign(int, int, int, MixDirection, int, int, MixDirection)	48	static
ecliptor.cpp:26:13:void EcliptorController::assign(int, ControlChannel*, ControlChannel*, MixDirection, ControlChannel*, ControlChannel*, MixDirection)	24	static
ecliptor.cpp:37:13:virtual void EcliptorController::handleControl(uint8_t)	16	static
ecliptor.cpp:45:13:virtual void EcliptorController::handleControlStop()	16	static
ecliptor.cpp:51:13:void EcliptorController::handleEccntrControl(uint8_t)	32	static
ecliptor.cpp:77:13:void EcliptorController::handleRotatorControl(uint8_t)	32	static
ecliptor.cpp:100:1:void __static_initialization_and_destruction_0(int, int)	16	static
ecliptor.cpp:100:1:cpp)	8	static
ecliptor.cpp:100:1:cpp)	8	static
