stm32f4xx_it.cpp:85:6:void NMI_Handler()	4	static
stm32f4xx_it.cpp:100:6:void HardFault_Handler()	4	static
stm32f4xx_it.cpp:115:6:void MemManage_Handler()	4	static
stm32f4xx_it.cpp:130:6:void BusFault_Handler()	4	static
stm32f4xx_it.cpp:145:6:void UsageFault_Handler()	4	static
stm32f4xx_it.cpp:160:6:void SVC_Handler()	4	static
stm32f4xx_it.cpp:173:6:void DebugMon_Handler()	4	static
stm32f4xx_it.cpp:186:6:void PendSV_Handler()	4	static
stm32f4xx_it.cpp:199:6:void SysTick_Handler()	8	static
stm32f4xx_it.cpp:220:6:void DMA1_Stream0_IRQHandler()	8	static
stm32f4xx_it.cpp:234:6:void DMA1_Stream2_IRQHandler()	8	static
stm32f4xx_it.cpp:248:6:void DMA1_Stream4_IRQHandler()	8	static
stm32f4xx_it.cpp:262:6:void DMA1_Stream5_IRQHandler()	8	static
stm32f4xx_it.cpp:276:6:void DMA1_Stream6_IRQHandler()	8	static
stm32f4xx_it.cpp:290:6:void ADC_IRQHandler()	8	static
stm32f4xx_it.cpp:306:6:void USART2_IRQHandler()	16	static
stm32f4xx_it.cpp:325:6:void DMA1_Stream7_IRQHandler()	8	static
stm32f4xx_it.cpp:339:6:void UART4_IRQHandler()	16	static
stm32f4xx_it.cpp:358:6:void UART5_IRQHandler()	16	static
stm32f4xx_it.cpp:377:6:void DMA2_Stream0_IRQHandler()	8	static
stm32f4xx_it.cpp:391:6:void DMA2_Stream1_IRQHandler()	8	static
stm32f4xx_it.cpp:405:6:void DMA2_Stream2_IRQHandler()	8	static
